 This test probably passes, but who knows ?
RGBDS
