ERROR: garbage_char.asm(1):
    syntax error
error: Assembly aborted (1 errors)!
