$FFFFFFE5
$1B
$4
$FFFFFFFC
$FFFFFE86
$17A
$0
$0
$0
$0
$0
$0
$0
$0
