ERROR: macro-recursion.asm(4) -> recurse(1) -> recurse(1) -> recurse(1) -> recurse(1) -> recurse(1) -> recurse(1) -> recurse(1) -> recurse(1) -> recurse(1) -> recurse(1) -> recurse(1) -> recurse(1) -> recurse(1) -> recurse(1) -> recurse(1) -> recurse(1) -> recurse(1) -> recurse(1) -> recurse(1) -> recurse(1) -> recurse(1) -> recurse(1) -> recurse(1) -> recurse(1) -> recurse(1) -> recurse(1) -> recurse(1) -> recurse(1) -> recurse(1) -> recurse(1) -> recurse(1) -> recurse(1) -> recurse(1) -> recurse(1) -> recurse(1) -> recurse(1) -> recurse(1) -> recurse(1) -> recurse(1) -> recurse(1) -> recurse(1) -> recurse(1) -> recurse(1) -> recurse(1) -> recurse(1) -> recurse(1) -> recurse(1) -> recurse(1) -> recurse(1) -> recurse(1) -> recurse(1) -> recurse(1) -> recurse(1) -> recurse(1) -> recurse(1) -> recurse(1) -> recurse(1) -> recurse(1) -> recurse(1) -> recurse(1) -> recurse(1) -> recurse(1) -> recurse(1) -> recurse(1):
    Recursion limit (64) exceeded
