rgblink: warning: Trying to calculate BANK() of label in HRAM.
rgblink: warning: Trying to calculate BANK() of label in OAM.
