error: rx: ROMX sections cannot be used with option -t.
