warning: wx: WRAMX sections cannot be used with options -w or -d.
error: Sanity checks failed
